// Jest Snapshot v1, https://goo.gl/fbAQLP

exports[`BlogPost component renders correctly 1`] = `
<div
  className="gatsby-container"
>
  <nav
    className="site-nav"
    id="site-nav"
    itemType="http://schema.org/SiteNavigationElement"
    role="navigation"
  >
    <ol
      className="site-nav__items"
    >
      <li
        className="site-nav__item site-nav__item--home"
      >
        <a
          className="site-nav__link site-nav__link--home"
          href="/"
        >
          Jeffry.in
        </a>
      </li>
      <li
        className="site-nav__item site-nav__item--github"
      >
        <a
          className="site-nav__link site-nav__link--github"
          href="https://github.com/yowainwright"
        >
          Github
        </a>
      </li>
      <li
        className="site-nav__item site-nav__item--twitter"
      >
        <a
          className="site-nav__link site-nav__link--twitter"
          href="https://twitter.com/yowainwright"
        >
          Twitter
        </a>
      </li>
      <li
        className="site-nav__item site-nav__item--archive"
      >
        <a
          className="site-nav__link site-nav__link--archive"
          href="/archive/"
        >
          Archive
        </a>
      </li>
      <li
        className="site-nav__item site-nav__item--about"
      >
        <a
          className="site-nav__link site-nav__link--about"
          href="/about/"
        >
          About
        </a>
      </li>
    </ol>
  </nav>
  <article>
    <header>
      <h1
        itemProp="headeline"
      >
        foo
      </h1>
      <time />
    </header>
    <div
      className="wrapper"
    >
      <div
        className="content"
        dangerouslySetInnerHTML={
          Object {
            "__html": undefined,
          }
        }
      />
    </div>
  </article>
  <footer
    className="site-footer"
    itemType="http://schema.org/WPFooter"
    role="contentinfo"
  >
    <div
      className="site-footer__wrapper"
    >
      <p
        align="center"
        className="site-footer__body"
      >
        My online thoughts. I'm 
        <a
          href="https://jeffry.in/about"
        >
          <strong>
            Jeffry Wainwright
          </strong>
        </a>
        —a software engineer, artist, runner, and surfer living in Los Angeles. Email me at 
        <a
          href="mailto:yowainwright@gmail.com"
        >
          <strong>
            yowainwright@gmail.com
          </strong>
        </a>
         or connect with me. I'm on 
        <a
          href="https://github.com/yowainwright"
        >
          <strong>
            Github
          </strong>
        </a>
         , 
        <a
          href="https://instagram.com/yowainwright"
        >
          <strong>
            Instagram
          </strong>
        </a>
        , 
        <a
          href="https://twitter.com/yowainwright"
        >
          <strong>
            Twitter
          </strong>
        </a>
        , 
        <a
          href="https://www.strava.com/athletes/722335"
        >
          <strong>
            Strava
          </strong>
        </a>
        , and 
        <a
          href="https://www.linkedin.com/in/jeffrywainwright/"
        >
          <strong>
            LinkedIn
          </strong>
        </a>
        .
      </p>
      <figure
        className="figure--center"
      >
        <img
          alt="Me smiling with a beard"
          className="media--circular"
          src="https://yowainwright.imgix.net/portraits/me-smiling.jpg?w=100&h=100&fit=crop&auto=format"
        />
      </figure>
      <p
        className="site-footer__content"
      >
        <a
          aria-current="page"
          className="site-footer__link"
          href="/"
          onClick={[Function]}
          onMouseEnter={[Function]}
          style={Object {}}
        >
          jeffry.in 
          2019
        </a>
      </p>
    </div>
  </footer>
</div>
`;
