// Jest Snapshot v1, https://goo.gl/fbAQLP

exports[`BlogPost component renders correctly 1`] = `
<div
  className="gatsby-container"
>
  <nav
    className="site-nav"
    id="site-nav"
    itemType="http://schema.org/SiteNavigationElement"
    role="navigation"
  >
    <div
      className="site-nav__container"
    >
      <Link
        className="site-nav__main-item-link"
        to="/"
      >
        <div
          className="site-nav__main-item"
        >
          <h3
            className="site-nav__main-item-symbol"
          >
            j
          </h3>
          <h2
            className="site-nav__main-item-title"
          >
            Jeffry.in
          </h2>
        </div>
      </Link>
      <ol
        className="site-nav__items"
      >
        <li
          className="site-nav__item site-nav__item--about"
        >
          <Link
            className="site-nav__link site-nav__link--about"
            to="/about/"
          >
            About
          </Link>
        </li>
        <li
          className="site-nav__item site-nav__item--archive"
        >
          <Link
            className="site-nav__link site-nav__link--archive"
            to="/archive/"
          >
            Archive
          </Link>
        </li>
      </ol>
    </div>
  </nav>
  <article>
    <header
      className="post__header"
    >
      <h1
        itemProp="headeline"
      >
        foo
      </h1>
      <time
        className="post__time"
      />
    </header>
    <div
      className="wrapper"
    >
      <div
        className="content"
        dangerouslySetInnerHTML={
          Object {
            "__html": undefined,
          }
        }
      />
    </div>
  </article>
  <footer
    className="site-footer"
    itemType="http://schema.org/WPFooter"
    role="contentinfo"
  >
    <div
      className="site-footer__wrapper"
    >
      <p
        align="center"
        className="site-footer__body"
      >
        My online thoughts. I'm 
        <Link
          to="/about"
        >
          <strong>
            Jeffry Wainwright
          </strong>
        </Link>
        —a software engineer, artist, runner, and surfer living in Los Angeles. 
        <strong>
          <a
            href="mailto:yowainwright@gmail.com"
          >
            Email me
          </a>
        </strong>
         or reach out on 
        <a
          href="https://github.com/yowainwright"
        >
          <strong>
            Github
          </strong>
        </a>
        , 
        <a
          href="https://instagram.com/yowainwright"
        >
          <strong>
            Instagram
          </strong>
        </a>
        , 
        <a
          href="https://twitter.com/yowainwright"
        >
          <strong>
            Twitter
          </strong>
        </a>
        , 
        <a
          href="https://www.strava.com/athletes/722335"
        >
          <strong>
            Strava
          </strong>
        </a>
        , or 
        <a
          href="https://www.linkedin.com/in/jeffrywainwright/"
        >
          <strong>
            LinkedIn
          </strong>
        </a>
        .
      </p>
      <figure
        className="figure--center"
      >
        <img
          alt="Me smiling with a beard"
          className="media--circular"
          src="https://yowainwright.imgix.net/portraits/me-smiling.jpg?w=100&h=100&fit=crop&auto=format"
        />
      </figure>
      <p
        className="site-footer__content"
      >
        <Link
          className="site-footer__link"
          to="/"
        >
          jeffry.in 
          2019
        </Link>
      </p>
    </div>
  </footer>
</div>
`;
