// Jest Snapshot v1, https://goo.gl/fbAQLP

exports[`Footer component renders correctly 1`] = `
<footer
  className="site-footer"
  itemType="http://schema.org/WPFooter"
  role="contentinfo"
>
  <p
    className="site-footer__content"
  >
    <a
      aria-current="page"
      className="site-footer__link"
      href="/"
      onClick={[Function]}
      onMouseEnter={[Function]}
      style={Object {}}
    >
      jeffry.in 
      2019
    </a>
  </p>
</footer>
`;
