// Jest Snapshot v1, https://goo.gl/fbAQLP

exports[`Footer component renders correctly 1`] = `
<footer
  className="site-footer"
  itemType="http://schema.org/WPFooter"
  role="contentinfo"
>
  <div
    className="site-footer__wrapper"
  >
    <div
      className="site-footer__col"
    >
      <figure
        className="figure--center site-footer__figure"
      >
        <img
          alt="Me smiling with a beard"
          className="media--circular"
          src="https://yowainwright.imgix.net/portraits/me-smiling.jpg?w=100&h=100&fit=crop&auto=format"
        />
      </figure>
      <p
        className="site-footer__content"
      >
        <Link
          className="site-footer__link"
          to="/"
        >
          jeffry.in 
          2021
        </Link>
      </p>
    </div>
  </div>
</footer>
`;
