// Jest Snapshot v1, https://goo.gl/fbAQLP

exports[`Header component renders correctly 1`] = `
<nav
  className="site-nav"
  id="site-nav"
  itemType="http://schema.org/SiteNavigationElement"
  role="navigation"
>
  <div
    className="site-nav__container"
  >
    <Link
      className="site-nav__main-item-link"
      to="/"
    >
      <div
        className="site-nav__main-item"
      >
        <h3
          className="site-nav__main-item-symbol"
        >
          j
        </h3>
        <h2
          className="site-nav__main-item-title"
        >
          Jeffry.in
        </h2>
      </div>
    </Link>
    <ol
      className="site-nav__items"
    >
      <li
        className="site-nav__item site-nav__item--about"
      >
        <Link
          className="site-nav__link site-nav__link--about"
          to="/about/"
        >
          About
        </Link>
      </li>
      <li
        className="site-nav__item site-nav__item--archive"
      >
        <Link
          className="site-nav__link site-nav__link--archive"
          to="/archive/"
        >
          Archive
        </Link>
      </li>
    </ol>
  </div>
</nav>
`;
