// Jest Snapshot v1, https://goo.gl/fbAQLP

exports[`Template component renders correctly 1`] = `
<div
  className="gatsby-container"
>
  <nav
    className="site-nav"
    id="site-nav"
    itemType="http://schema.org/SiteNavigationElement"
    role="navigation"
  >
    <ol
      className="site-nav__items"
    >
      <li
        className="site-nav__item site-nav__item--home"
      >
        <a
          className="site-nav__link site-nav__link--home"
          href="/"
        >
          Jeffry.in
        </a>
      </li>
      <li
        className="site-nav__item site-nav__item--github"
      >
        <a
          className="site-nav__link site-nav__link--github"
          href="https://github.com/yowainwright"
        >
          Github
        </a>
      </li>
      <li
        className="site-nav__item site-nav__item--twitter"
      >
        <a
          className="site-nav__link site-nav__link--twitter"
          href="https://twitter.com/yowainwright"
        >
          Twitter
        </a>
      </li>
      <li
        className="site-nav__item site-nav__item--archive"
      >
        <a
          className="site-nav__link site-nav__link--archive"
          href="/archive/"
        >
          Archive
        </a>
      </li>
      <li
        className="site-nav__item site-nav__item--about"
      >
        <a
          className="site-nav__link site-nav__link--about"
          href="/about/"
        >
          About
        </a>
      </li>
    </ol>
  </nav>
  <div />
  <footer
    className="site-footer"
    itemType="http://schema.org/WPFooter"
    role="contentinfo"
  >
    <p
      className="site-footer__content"
    >
      <a
        aria-current="page"
        className="site-footer__link"
        href="/"
        onClick={[Function]}
        onMouseEnter={[Function]}
        style={Object {}}
      >
        jeffry.in 
        2018
      </a>
    </p>
  </footer>
</div>
`;
